// Vitest Snapshot v1, https://vitest.dev/guide/snapshot.html

exports[`isBot > module interface > interface is as expected 1`] = `
[
  [
    "alphaHex",
    "Function",
  ],
  [
    "createCachedImport",
    "Function",
  ],
  [
    "cacheStringFunction",
    "Function",
  ],
  [
    "callOrReturn",
    "Function",
  ],
  [
    "camel2snake",
    "Function",
  ],
  [
    "camel2SnakeObject",
    "Function",
  ],
  [
    "camelize",
    "Function",
  ],
  [
    "cancelIdleCallback",
    "Function",
  ],
  [
    "capitalizeFirst",
    "Function",
  ],
  [
    "chunk",
    "Function",
  ],
  [
    "clamp",
    "Function",
  ],
  [
    "convertHrTime",
    "Function",
  ],
  [
    "parseCookie",
    "Function",
  ],
  [
    "serializeCookie",
    "Function",
  ],
  [
    "listenCookieChange",
    "Function",
  ],
  [
    "CookieService",
    "Function",
  ],
  [
    "cutString",
    "Function",
  ],
  [
    "deleteProps",
    "Function",
  ],
  [
    "downloadByData",
    "Function",
  ],
  [
    "emitter",
    "Function",
  ],
  [
    "envShims",
    "Function",
  ],
  [
    "escapeRegExp",
    "Function",
  ],
  [
    "findDuplicates",
    "Function",
  ],
  [
    "findLastIndex",
    "Function",
  ],
  [
    "firstUniqueArr",
    "Function",
  ],
  [
    "firstUniqueChar",
    "Function",
  ],
  [
    "formatBytes",
    "Function",
  ],
  [
    "formatLot10Volume",
    "Function",
  ],
  [
    "formatNumber",
    "Function",
  ],
  [
    "fromStringToPrimitives",
    "Function",
  ],
  [
    "generateSample",
    "Function",
  ],
  [
    "MimeType",
    "Object",
  ],
  [
    "mimeTable",
    "Array",
  ],
  [
    "getMimeTypeFromExtension",
    "Function",
  ],
  [
    "getQuarter",
    "Function",
  ],
  [
    "getRandomInt",
    "Function",
  ],
  [
    "getRandomIntInclusive",
    "Function",
  ],
  [
    "getRandomString",
    "Function",
  ],
  [
    "getStrokeRadius",
    "Function",
  ],
  [
    "groupBy",
    "Function",
  ],
  [
    "HTTP_CONTINUE",
    "Number",
  ],
  [
    "HTTP_SWITCHING_PROTOCOLS",
    "Number",
  ],
  [
    "HTTP_PROCESSING",
    "Number",
  ],
  [
    "HTTP_EARLY_HINTS",
    "Number",
  ],
  [
    "HTTP_OK",
    "Number",
  ],
  [
    "HTTP_CREATED",
    "Number",
  ],
  [
    "HTTP_ACCEPTED",
    "Number",
  ],
  [
    "HTTP_NON_AUTHORITATIVE_INFORMATION",
    "Number",
  ],
  [
    "HTTP_NO_CONTENT",
    "Number",
  ],
  [
    "HTTP_RESET_CONTENT",
    "Number",
  ],
  [
    "HTTP_PARTIAL_CONTENT",
    "Number",
  ],
  [
    "HTTP_MULTI_STATUS",
    "Number",
  ],
  [
    "HTTP_ALREADY_REPORTED",
    "Number",
  ],
  [
    "HTTP_IM_USED",
    "Number",
  ],
  [
    "HTTP_MULTIPLE_CHOICES",
    "Number",
  ],
  [
    "HTTP_MOVED_PERMANENTLY",
    "Number",
  ],
  [
    "HTTP_FOUND",
    "Number",
  ],
  [
    "HTTP_SEE_OTHER",
    "Number",
  ],
  [
    "HTTP_NOT_MODIFIED",
    "Number",
  ],
  [
    "HTTP_USE_PROXY",
    "Number",
  ],
  [
    "HTTP_RESERVED",
    "Number",
  ],
  [
    "HTTP_TEMPORARY_REDIRECT",
    "Number",
  ],
  [
    "HTTP_PERMANENTLY_REDIRECT",
    "Number",
  ],
  [
    "HTTP_BAD_REQUEST",
    "Number",
  ],
  [
    "HTTP_UNAUTHORIZED",
    "Number",
  ],
  [
    "HTTP_PAYMENT_REQUIRED",
    "Number",
  ],
  [
    "HTTP_FORBIDDEN",
    "Number",
  ],
  [
    "HTTP_NOT_FOUND",
    "Number",
  ],
  [
    "HTTP_METHOD_NOT_ALLOWED",
    "Number",
  ],
  [
    "HTTP_NOT_ACCEPTABLE",
    "Number",
  ],
  [
    "HTTP_PROXY_AUTHENTICATION_REQUIRED",
    "Number",
  ],
  [
    "HTTP_REQUEST_TIMEOUT",
    "Number",
  ],
  [
    "HTTP_CONFLICT",
    "Number",
  ],
  [
    "HTTP_GONE",
    "Number",
  ],
  [
    "HTTP_LENGTH_REQUIRED",
    "Number",
  ],
  [
    "HTTP_PRECONDITION_FAILED",
    "Number",
  ],
  [
    "HTTP_REQUEST_ENTITY_TOO_LARGE",
    "Number",
  ],
  [
    "HTTP_REQUEST_URI_TOO_LONG",
    "Number",
  ],
  [
    "HTTP_UNSUPPORTED_MEDIA_TYPE",
    "Number",
  ],
  [
    "HTTP_REQUESTED_RANGE_NOT_SATISFIABLE",
    "Number",
  ],
  [
    "HTTP_EXPECTATION_FAILED",
    "Number",
  ],
  [
    "HTTP_I_AM_A_TEAPOT",
    "Number",
  ],
  [
    "HTTP_MISDIRECTED_REQUEST",
    "Number",
  ],
  [
    "HTTP_UNPROCESSABLE_ENTITY",
    "Number",
  ],
  [
    "HTTP_LOCKED",
    "Number",
  ],
  [
    "HTTP_FAILED_DEPENDENCY",
    "Number",
  ],
  [
    "HTTP_RESERVED_FOR_WEBDAV_ADVANCED_COLLECTIONS_EXPIRED_PROPOSAL",
    "Number",
  ],
  [
    "HTTP_UPGRADE_REQUIRED",
    "Number",
  ],
  [
    "HTTP_PRECONDITION_REQUIRED",
    "Number",
  ],
  [
    "HTTP_TOO_MANY_REQUESTS",
    "Number",
  ],
  [
    "HTTP_REQUEST_HEADER_FIELDS_TOO_LARGE",
    "Number",
  ],
  [
    "HTTP_UNAVAILABLE_FOR_LEGAL_REASONS",
    "Number",
  ],
  [
    "HTTP_INTERNAL_SERVER_ERROR",
    "Number",
  ],
  [
    "HTTP_NOT_IMPLEMENTED",
    "Number",
  ],
  [
    "HTTP_BAD_GATEWAY",
    "Number",
  ],
  [
    "HTTP_SERVICE_UNAVAILABLE",
    "Number",
  ],
  [
    "HTTP_GATEWAY_TIMEOUT",
    "Number",
  ],
  [
    "HTTP_VERSION_NOT_SUPPORTED",
    "Number",
  ],
  [
    "HTTP_VARIANT_ALSO_NEGOTIATES_EXPERIMENTAL",
    "Number",
  ],
  [
    "HTTP_INSUFFICIENT_STORAGE",
    "Number",
  ],
  [
    "HTTP_LOOP_DETECTED",
    "Number",
  ],
  [
    "HTTP_NOT_EXTENDED",
    "Number",
  ],
  [
    "HTTP_NETWORK_AUTHENTICATION_REQUIRED",
    "Number",
  ],
  [
    "HTTP_CF_UNKNOWN",
    "Number",
  ],
  [
    "HTTP_CF_WEB_SERVER_IS_DOWN",
    "Number",
  ],
  [
    "HTTP_CF_CONNECTION_TIMED_OUT",
    "Number",
  ],
  [
    "HTTP_CF_ORIGIN_IS_UNREACHABLE",
    "Number",
  ],
  [
    "HTTP_CF_A_TIMEOUT_OCCURRED",
    "Number",
  ],
  [
    "HTTP_CF_SSL_HANDSHAKE_FAILED",
    "Number",
  ],
  [
    "HTTP_CF_INVALID_SSL_CERTIFICATE",
    "Number",
  ],
  [
    "HTTP_CF_RAILGUN_ERROR",
    "Number",
  ],
  [
    "hyphenate",
    "Function",
  ],
  [
    "intToBuffer",
    "Function",
  ],
  [
    "intToHex",
    "Function",
  ],
  [
    "invariant",
    "Function",
  ],
  [
    "isAndroid",
    "Function",
  ],
  [
    "isArray",
    "Function",
  ],
  [
    "isBase64",
    "Function",
  ],
  [
    "isBoolean",
    "Function",
  ],
  [
    "botPatterns",
    "Array",
  ],
  [
    "botFullPattern",
    "String",
  ],
  [
    "botRegPattern",
    "RegExp",
  ],
  [
    "isBotNaive",
    "Function",
  ],
  [
    "isBot",
    "Function",
  ],
  [
    "createIsBot",
    "Function",
  ],
  [
    "createIsBotFromList",
    "Function",
  ],
  [
    "isBotMatch",
    "Function",
  ],
  [
    "isBotMatches",
    "Function",
  ],
  [
    "isBotPattern",
    "Function",
  ],
  [
    "isBotPatterns",
    "Function",
  ],
  [
    "isBrowser",
    "Function",
  ],
  [
    "isCrawler",
    "Function",
  ],
  [
    "isDate",
    "Function",
  ],
  [
    "isDefined",
    "Function",
  ],
  [
    "isEmpties",
    "Function",
  ],
  [
    "isEmpty",
    "Function",
  ],
  [
    "isEmptyArr",
    "Function",
  ],
  [
    "isFunction",
    "Function",
  ],
  [
    "hexColor",
    "RegExp",
  ],
  [
    "isHex",
    "Function",
  ],
  [
    "isIOS",
    "Function",
  ],
  [
    "isKeyOf",
    "Function",
  ],
  [
    "isLinux",
    "Function",
  ],
  [
    "isMacOS",
    "Function",
  ],
  [
    "isMobile",
    "Function",
  ],
  [
    "isNodeProd",
    "Function",
  ],
  [
    "isNodeTest",
    "Function",
  ],
  [
    "isNotEmpties",
    "Function",
  ],
  [
    "isNotEmpty",
    "Function",
  ],
  [
    "isNotNull",
    "Function",
  ],
  [
    "isNotNullish",
    "Function",
  ],
  [
    "isNumber",
    "Function",
  ],
  [
    "isObject",
    "Function",
  ],
  [
    "isPngImage",
    "Function",
  ],
  [
    "isPrimitive",
    "Function",
  ],
  [
    "isPrefersReducedMotion",
    "Function",
  ],
  [
    "isPromise",
    "Function",
  ],
  [
    "isRegExp",
    "Function",
  ],
  [
    "isSameDay",
    "Function",
  ],
  [
    "isSameMonth",
    "Function",
  ],
  [
    "isServer",
    "Function",
  ],
  [
    "isSet",
    "Function",
  ],
  [
    "isStream",
    "Function",
  ],
  [
    "isString",
    "Function",
  ],
  [
    "isSymbol",
    "Function",
  ],
  [
    "isToday",
    "Function",
  ],
  [
    "isUndefined",
    "Function",
  ],
  [
    "isWindows",
    "Function",
  ],
  [
    "lerp",
    "Function",
  ],
  [
    "mapObject",
    "Function",
  ],
  [
    "mergeDeep",
    "Function",
  ],
  [
    "minMax",
    "Function",
  ],
  [
    "MutexLock",
    "Function",
  ],
  [
    "nextEvent",
    "Function",
  ],
  [
    "nextFrame",
    "Function",
  ],
  [
    "nextIdle",
    "Function",
  ],
  [
    "noop",
    "Function",
  ],
  [
    "normalize",
    "Function",
  ],
  [
    "checkBoundaryPrecision",
    "Function",
  ],
  [
    "enableBoundaryCheckingPrecision",
    "Function",
  ],
  [
    "createOperationPrecision",
    "Function",
  ],
  [
    "digitLengthPrecision",
    "Function",
  ],
  [
    "dividePrecision",
    "Function",
  ],
  [
    "float2FixedPrecision",
    "Function",
  ],
  [
    "minusPrecision",
    "Function",
  ],
  [
    "plusPrecision",
    "Function",
  ],
  [
    "roundPrecision",
    "Function",
  ],
  [
    "stripPrecision",
    "Function",
  ],
  [
    "timesPrecision",
    "Function",
  ],
  [
    "objectEntries",
    "Function",
  ],
  [
    "objectKeys",
    "Function",
  ],
  [
    "OrderedMap",
    "Function",
  ],
  [
    "PCancelable",
    "Function",
  ],
  [
    "PDefer",
    "Function",
  ],
  [
    "delay",
    "Function",
  ],
  [
    "createDelay",
    "Function",
  ],
  [
    "rangeDelay",
    "AsyncFunction",
  ],
  [
    "clearDelay",
    "Function",
  ],
  [
    "PQueue",
    "Function",
  ],
  [
    "PTimeOut",
    "Function",
  ],
  [
    "percentToHex",
    "Function",
  ],
  [
    "pick",
    "Function",
  ],
  [
    "globProcess",
    "process",
  ],
  [
    "emailRegex",
    "RegExp",
  ],
  [
    "isValidEmail",
    "Function",
  ],
  [
    "vietnamPhoneRegex",
    "RegExp",
  ],
  [
    "isValidVnPhone",
    "Function",
  ],
  [
    "urlRegex",
    "RegExp",
  ],
  [
    "isValidUrl",
    "Function",
  ],
  [
    "multilineCommentsRegex",
    "RegExp",
  ],
  [
    "singlelineCommentsRegex",
    "RegExp",
  ],
  [
    "escapedSpaceCharactersRegex",
    "RegExp",
  ],
  [
    "remove",
    "Function",
  ],
  [
    "removeEmptyObj",
    "Function",
  ],
  [
    "removeUndefObj",
    "Function",
  ],
  [
    "requestIdleCallback",
    "Function",
  ],
  [
    "shuffle",
    "Function",
  ],
  [
    "singleton",
    "Function",
  ],
  [
    "sleep",
    "Function",
  ],
  [
    "slugify",
    "Function",
  ],
  [
    "snake2camel",
    "Function",
  ],
  [
    "SortDirection",
    "Object",
  ],
  [
    "sortByDate",
    "Function",
  ],
  [
    "sortData",
    "Function",
  ],
  [
    "suffixAmPm",
    "Function",
  ],
  [
    "sum",
    "Function",
  ],
  [
    "take",
    "Function",
  ],
  [
    "timeSpan",
    "Function",
  ],
  [
    "toBoolean",
    "Function",
  ],
  [
    "toPointsArray",
    "Function",
  ],
  [
    "transitionEnd",
    "Function",
  ],
  [
    "unique",
    "Function",
  ],
  [
    "uniqueObj",
    "Function",
  ],
]
`;
